(1/8) running `change_init_struct`...
(2/8) running `test_for_changed_init_struct`...
(3/8) running `assert_true`...
(4/8) running `assert_imported_max`...
(5/8) running `result`...
(6/8) running `should_error`...
(7/8) ignoring `ignored`...
(8/8) running `fail`...
ERROR panicked at '`#[should_error]` test failed with outcome: Ok(this should have returned `Err`)'
